/fhgfs/bootphon/scratch/jbenjumea/data/buckeye/wav/s0103a.wav
/fhgfs/bootphon/scratch/jbenjumea/data/buckeye/wav/s2303b.wav
/fhgfs/bootphon/scratch/jbenjumea/data/buckeye/wav/s3002b.wav
/fhgfs/bootphon/scratch/jbenjumea/data/buckeye/wav/s2503b.wav
/fhgfs/bootphon/scratch/jbenjumea/data/buckeye/wav/s2401a.wav
/fhgfs/bootphon/scratch/jbenjumea/data/buckeye/wav/s2001b.wav
/fhgfs/bootphon/scratch/jbenjumea/data/buckeye/wav/s3002a.wav
/fhgfs/bootphon/scratch/jbenjumea/data/buckeye/wav/s0102a.wav
/fhgfs/bootphon/scratch/jbenjumea/data/buckeye/wav/s2501a.wav
/fhgfs/bootphon/scratch/jbenjumea/data/buckeye/wav/s3103a.wav
/fhgfs/bootphon/scratch/jbenjumea/data/buckeye/wav/s3001a.wav
/fhgfs/bootphon/scratch/jbenjumea/data/buckeye/wav/s2703b.wav
/fhgfs/bootphon/scratch/jbenjumea/data/buckeye/wav/s2702a.wav
/fhgfs/bootphon/scratch/jbenjumea/data/buckeye/wav/s2601b.wav
/fhgfs/bootphon/scratch/jbenjumea/data/buckeye/wav/s2503a.wav
/fhgfs/bootphon/scratch/jbenjumea/data/buckeye/wav/s3003a.wav
/fhgfs/bootphon/scratch/jbenjumea/data/buckeye/wav/s2403a.wav
/fhgfs/bootphon/scratch/jbenjumea/data/buckeye/wav/s3202b.wav
/fhgfs/bootphon/scratch/jbenjumea/data/buckeye/wav/s2502b.wav
/fhgfs/bootphon/scratch/jbenjumea/data/buckeye/wav/s2401b.wav
/fhgfs/bootphon/scratch/jbenjumea/data/buckeye/wav/s2402b.wav
/fhgfs/bootphon/scratch/jbenjumea/data/buckeye/wav/s2001a.wav
/fhgfs/bootphon/scratch/jbenjumea/data/buckeye/wav/s3102b.wav
/fhgfs/bootphon/scratch/jbenjumea/data/buckeye/wav/s2303a.wav
/fhgfs/bootphon/scratch/jbenjumea/data/buckeye/wav/s2902a.wav
/fhgfs/bootphon/scratch/jbenjumea/data/buckeye/wav/s2701b.wav
/fhgfs/bootphon/scratch/jbenjumea/data/buckeye/wav/s2903b.wav
/fhgfs/bootphon/scratch/jbenjumea/data/buckeye/wav/s2903a.wav
/fhgfs/bootphon/scratch/jbenjumea/data/buckeye/wav/s2901b.wav
/fhgfs/bootphon/scratch/jbenjumea/data/buckeye/wav/s3303b.wav
/fhgfs/bootphon/scratch/jbenjumea/data/buckeye/wav/s2403b.wav
/fhgfs/bootphon/scratch/jbenjumea/data/buckeye/wav/s2901a.wav
/fhgfs/bootphon/scratch/jbenjumea/data/buckeye/wav/s2704a.wav
/fhgfs/bootphon/scratch/jbenjumea/data/buckeye/wav/s2302b.wav
/fhgfs/bootphon/scratch/jbenjumea/data/buckeye/wav/s0102b.wav
/fhgfs/bootphon/scratch/jbenjumea/data/buckeye/wav/s3302a.wav
/fhgfs/bootphon/scratch/jbenjumea/data/buckeye/wav/s2701a.wav
/fhgfs/bootphon/scratch/jbenjumea/data/buckeye/wav/s0101b.wav
/fhgfs/bootphon/scratch/jbenjumea/data/buckeye/wav/s3201b.wav
/fhgfs/bootphon/scratch/jbenjumea/data/buckeye/wav/s3301a.wav
/fhgfs/bootphon/scratch/jbenjumea/data/buckeye/wav/s3301b.wav
/fhgfs/bootphon/scratch/jbenjumea/data/buckeye/wav/s2601a.wav
/fhgfs/bootphon/scratch/jbenjumea/data/buckeye/wav/s3101a.wav
/fhgfs/bootphon/scratch/jbenjumea/data/buckeye/wav/s3201a.wav
/fhgfs/bootphon/scratch/jbenjumea/data/buckeye/wav/s2702b.wav
/fhgfs/bootphon/scratch/jbenjumea/data/buckeye/wav/s2301b.wav
/fhgfs/bootphon/scratch/jbenjumea/data/buckeye/wav/s2004a.wav
/fhgfs/bootphon/scratch/jbenjumea/data/buckeye/wav/s2603b.wav
/fhgfs/bootphon/scratch/jbenjumea/data/buckeye/wav/s2002a.wav
/fhgfs/bootphon/scratch/jbenjumea/data/buckeye/wav/s2602a.wav
/fhgfs/bootphon/scratch/jbenjumea/data/buckeye/wav/s3302b.wav
/fhgfs/bootphon/scratch/jbenjumea/data/buckeye/wav/s2301a.wav
/fhgfs/bootphon/scratch/jbenjumea/data/buckeye/wav/s0101a.wav
/fhgfs/bootphon/scratch/jbenjumea/data/buckeye/wav/s2002b.wav
/fhgfs/bootphon/scratch/jbenjumea/data/buckeye/wav/s2703a.wav
/fhgfs/bootphon/scratch/jbenjumea/data/buckeye/wav/s2902b.wav
/fhgfs/bootphon/scratch/jbenjumea/data/buckeye/wav/s2501b.wav
/fhgfs/bootphon/scratch/jbenjumea/data/buckeye/wav/s3102a.wav
/fhgfs/bootphon/scratch/jbenjumea/data/buckeye/wav/s2603a.wav
/fhgfs/bootphon/scratch/jbenjumea/data/buckeye/wav/s2402a.wav
/fhgfs/bootphon/scratch/jbenjumea/data/buckeye/wav/s3202a.wav
/fhgfs/bootphon/scratch/jbenjumea/data/buckeye/wav/s2003a.wav
/fhgfs/bootphon/scratch/jbenjumea/data/buckeye/wav/s2502a.wav
/fhgfs/bootphon/scratch/jbenjumea/data/buckeye/wav/s3001b.wav
/fhgfs/bootphon/scratch/jbenjumea/data/buckeye/wav/s3101b.wav
/fhgfs/bootphon/scratch/jbenjumea/data/buckeye/wav/s2302a.wav
/fhgfs/bootphon/scratch/jbenjumea/data/buckeye/wav/s2602b.wav
/fhgfs/bootphon/scratch/jbenjumea/data/buckeye/wav/s2003b.wav
