/home/jbenjumea/data/THCHS30-final/train/data/wavs/D04.wav
/home/jbenjumea/data/THCHS30-final/train/data/wavs/D07.wav
/home/jbenjumea/data/THCHS30-final/train/data/wavs/D21.wav
/home/jbenjumea/data/THCHS30-final/train/data/wavs/B02.wav
/home/jbenjumea/data/THCHS30-final/train/data/wavs/B08.wav
/home/jbenjumea/data/THCHS30-final/train/data/wavs/C18.wav
/home/jbenjumea/data/THCHS30-final/train/data/wavs/C12.wav
/home/jbenjumea/data/THCHS30-final/train/data/wavs/D06.wav
/home/jbenjumea/data/THCHS30-final/train/data/wavs/A04.wav
/home/jbenjumea/data/THCHS30-final/train/data/wavs/B31.wav
/home/jbenjumea/data/THCHS30-final/train/data/wavs/C13.wav
/home/jbenjumea/data/THCHS30-final/train/data/wavs/C23.wav
/home/jbenjumea/data/THCHS30-final/train/data/wavs/B07.wav
/home/jbenjumea/data/THCHS30-final/train/data/wavs/D13.wav
/home/jbenjumea/data/THCHS30-final/train/data/wavs/B12.wav
/home/jbenjumea/data/THCHS30-final/train/data/wavs/D11.wav
/home/jbenjumea/data/THCHS30-final/train/data/wavs/B32.wav
/home/jbenjumea/data/THCHS30-final/train/data/wavs/A11.wav
/home/jbenjumea/data/THCHS30-final/train/data/wavs/C19.wav
/home/jbenjumea/data/THCHS30-final/train/data/wavs/A08.wav
/home/jbenjumea/data/THCHS30-final/train/data/wavs/B04.wav
/home/jbenjumea/data/THCHS30-final/train/data/wavs/C04.wav
/home/jbenjumea/data/THCHS30-final/train/data/wavs/B06.wav
/home/jbenjumea/data/THCHS30-final/train/data/wavs/C08.wav
/home/jbenjumea/data/THCHS30-final/train/data/wavs/C32.wav
/home/jbenjumea/data/THCHS30-final/train/data/wavs/A14.wav
/home/jbenjumea/data/THCHS30-final/train/data/wavs/A22.wav
/home/jbenjumea/data/THCHS30-final/train/data/wavs/D08.wav
/home/jbenjumea/data/THCHS30-final/train/data/wavs/C06.wav
/home/jbenjumea/data/THCHS30-final/train/data/wavs/A07.wav
/home/jbenjumea/data/THCHS30-final/train/data/wavs/C21.wav
/home/jbenjumea/data/THCHS30-final/train/data/wavs/A13.wav
/home/jbenjumea/data/THCHS30-final/train/data/wavs/A06.wav
/home/jbenjumea/data/THCHS30-final/train/data/wavs/B22.wav
/home/jbenjumea/data/THCHS30-final/train/data/wavs/A19.wav
/home/jbenjumea/data/THCHS30-final/train/data/wavs/C07.wav
/home/jbenjumea/data/THCHS30-final/train/data/wavs/B15.wav
/home/jbenjumea/data/THCHS30-final/train/data/wavs/C20.wav
/home/jbenjumea/data/THCHS30-final/train/data/wavs/A34.wav
/home/jbenjumea/data/THCHS30-final/train/data/wavs/B33.wav
/home/jbenjumea/data/THCHS30-final/train/data/wavs/C17.wav
/home/jbenjumea/data/THCHS30-final/train/data/wavs/A02.wav
