../../../../data/train/mandarin/D04.wav
../../../../data/train/mandarin/D07.wav
../../../../data/train/mandarin/D21.wav
../../../../data/train/mandarin/B02.wav
../../../../data/train/mandarin/B08.wav
../../../../data/train/mandarin/C18.wav
../../../../data/train/mandarin/C12.wav
../../../../data/train/mandarin/A04.wav
../../../../data/train/mandarin/B31.wav
../../../../data/train/mandarin/C13.wav
../../../../data/train/mandarin/C23.wav
../../../../data/train/mandarin/B07.wav
../../../../data/train/mandarin/B12.wav
../../../../data/train/mandarin/D11.wav
../../../../data/train/mandarin/B32.wav
../../../../data/train/mandarin/C19.wav
../../../../data/train/mandarin/A08.wav
../../../../data/train/mandarin/B04.wav
../../../../data/train/mandarin/C04.wav
../../../../data/train/mandarin/A14.wav
../../../../data/train/mandarin/A22.wav
../../../../data/train/mandarin/A07.wav
../../../../data/train/mandarin/A13.wav
../../../../data/train/mandarin/A06.wav
../../../../data/train/mandarin/B22.wav
../../../../data/train/mandarin/C07.wav
../../../../data/train/mandarin/B15.wav
../../../../data/train/mandarin/C20.wav
../../../../data/train/mandarin/A34.wav
../../../../data/train/mandarin/B33.wav
../../../../data/train/mandarin/C17.wav
../../../../data/train/mandarin/A02.wav
