/fhgfs/bootphon/projects/challenge2017/final_datasets/datasets/train/french/F10_N.wav
/fhgfs/bootphon/projects/challenge2017/final_datasets/datasets/train/french/F07_N.wav
/fhgfs/bootphon/projects/challenge2017/final_datasets/datasets/train/french/F04_N.wav
/fhgfs/bootphon/projects/challenge2017/final_datasets/datasets/train/french/F03_R.wav
/fhgfs/bootphon/projects/challenge2017/final_datasets/datasets/train/french/M03_N.wav
/fhgfs/bootphon/projects/challenge2017/final_datasets/datasets/train/french/M06_O.wav
/fhgfs/bootphon/projects/challenge2017/final_datasets/datasets/train/french/F07_O.wav
/fhgfs/bootphon/projects/challenge2017/final_datasets/datasets/train/french/M04_R.wav
/fhgfs/bootphon/projects/challenge2017/final_datasets/datasets/train/french/F05_O.wav
/fhgfs/bootphon/projects/challenge2017/final_datasets/datasets/train/french/M03_R.wav
/fhgfs/bootphon/projects/challenge2017/final_datasets/datasets/train/french/F09_N.wav
/fhgfs/bootphon/projects/challenge2017/final_datasets/datasets/train/french/M09_O.wav
/fhgfs/bootphon/projects/challenge2017/final_datasets/datasets/train/french/M05_N.wav
/fhgfs/bootphon/projects/challenge2017/final_datasets/datasets/train/french/F09_O.wav
/fhgfs/bootphon/projects/challenge2017/final_datasets/datasets/train/french/F04_R.wav
/fhgfs/bootphon/projects/challenge2017/final_datasets/datasets/train/french/M06_N.wav
/fhgfs/bootphon/projects/challenge2017/final_datasets/datasets/train/french/M09_N.wav
/fhgfs/bootphon/projects/challenge2017/final_datasets/datasets/train/french/M05_O.wav
/fhgfs/bootphon/projects/challenge2017/final_datasets/datasets/train/french/F05_R.wav
/fhgfs/bootphon/projects/challenge2017/final_datasets/datasets/train/french/M02_R.wav
/fhgfs/bootphon/projects/challenge2017/final_datasets/datasets/train/french/F08_N.wav
/fhgfs/bootphon/projects/challenge2017/final_datasets/datasets/train/french/M01_R.wav
/fhgfs/bootphon/projects/challenge2017/final_datasets/datasets/train/french/F02_R.wav
/fhgfs/bootphon/projects/challenge2017/final_datasets/datasets/train/french/F01_R.wav
/fhgfs/bootphon/projects/challenge2017/final_datasets/datasets/train/french/M05_R.wav
/fhgfs/bootphon/projects/challenge2017/final_datasets/datasets/train/french/M08_O.wav
/fhgfs/bootphon/projects/challenge2017/final_datasets/datasets/train/french/F03_N.wav
/fhgfs/bootphon/projects/challenge2017/final_datasets/datasets/train/french/M04_N.wav
