../../../../data/train/english/s5157.wav
../../../../data/train/english/s0019.wav
../../../../data/train/english/s7061.wav
../../../../data/train/english/s3046.wav
../../../../data/train/english/s6544.wav
../../../../data/train/english/s3274.wav
../../../../data/train/english/s4057.wav
../../../../data/train/english/s6683.wav
../../../../data/train/english/s6454.wav
../../../../data/train/english/s0112.wav
../../../../data/train/english/s5727.wav
../../../../data/train/english/s4108.wav
../../../../data/train/english/s4222.wav
../../../../data/train/english/s4731.wav
../../../../data/train/english/s5583.wav
../../../../data/train/english/s1536.wav
../../../../data/train/english/s7313.wav
../../../../data/train/english/s2628.wav
../../../../data/train/english/s0081.wav
../../../../data/train/english/s7540.wav
../../../../data/train/english/s5740.wav
../../../../data/train/english/s5092.wav
../../../../data/train/english/s3482.wav
../../../../data/train/english/s2785.wav
../../../../data/train/english/s0023.wav
../../../../data/train/english/s8713.wav
../../../../data/train/english/s3446.wav
../../../../data/train/english/s1724.wav
../../../../data/train/english/s2299.wav
../../../../data/train/english/s1001.wav
../../../../data/train/english/s4899.wav
../../../../data/train/english/s3389.wav
../../../../data/train/english/s7553.wav
../../../../data/train/english/s5093.wav
../../../../data/train/english/s5723.wav
../../../../data/train/english/s6877.wav
../../../../data/train/english/s7932.wav
../../../../data/train/english/s1425.wav
../../../../data/train/english/s3020.wav
../../../../data/train/english/s3914.wav
../../../../data/train/english/s6233.wav
../../../../data/train/english/s0597.wav
../../../../data/train/english/s7730.wav
../../../../data/train/english/s3448.wav
../../../../data/train/english/s2004.wav
../../../../data/train/english/s6993.wav
../../../../data/train/english/s5968.wav
../../../../data/train/english/s2544.wav
../../../../data/train/english/s1392.wav
../../../../data/train/english/s2769.wav
../../../../data/train/english/s2404.wav
../../../../data/train/english/s4018.wav
../../../../data/train/english/s5400.wav
../../../../data/train/english/s4590.wav
../../../../data/train/english/s6637.wav
../../../../data/train/english/s4629.wav
../../../../data/train/english/s1769.wav
../../../../data/train/english/s5278.wav
../../../../data/train/english/s8075.wav
../../../../data/train/english/s1740.wav
../../../../data/train/english/s8080.wav
../../../../data/train/english/s0055.wav
../../../../data/train/english/s0107.wav
../../../../data/train/english/s0925.wav
../../../../data/train/english/s0580.wav
../../../../data/train/english/s1463.wav
../../../../data/train/english/s7460.wav
../../../../data/train/english/s2517.wav
../../../../data/train/english/s6519.wav
